89 16
#########################################################################################
####  #    #           #                                      #                         #
# #  ###  #   ##     ###  ## ##  ### ### ### ### # #  ##     ### ###     ### ###        #
# #   #  #    #      # # # # # # # # ##  #   # # # #  #       #  # #     # # # #        #
# #   ##     ##      ### ### # #  ## ### #   ### ### ##       ## ###      ## ###        #
####                             ###                                     ###            #
#                                                                                       #
#     #                      ###     #            #  #    #       #                     #
# ##  #  ### ##  ###          #   ## # # ###     ### ###      ##  #                     #
## #  #  # # # # ##           #  # # ##  ##       #  # #  #   #   #                     #
####  ## ### # # ###          #  ### # # ###      ## # #  ## ##                         #
#                     #       #                                   #                     #
#                                                                                       #
#                                                                                       #
#                                                                                       E
#########################################################################################
3
Chest 45 2
Chest 46 2
Chest 47 2